// Jest Snapshot v1, https://goo.gl/fbAQLP

exports[`<App /> renders properly 1`] = `
<div
  className="app"
  id="app"
>
  <Connect(ModalRoot) />
  <Connect(withRouter(Header)) />
  <Route
    component={[Function]}
    exact={true}
    path="/"
  />
  <Route
    component={[Function]}
    exact={true}
    path="/login"
  />
  <Route
    component={[Function]}
    exact={true}
    path="/register"
  />
</div>
`;
